<?xml version="1.0" encoding="UTF-8"?>
<TestRun id="1695a779-d75f-4b42-b132-83a169a2bb02" name="ORION@ORION-NOTE 2011-01-09 20:46:43" runUser="ORION-NOTE\ORION" xmlns="http://microsoft.com/schemas/VisualStudio/TeamTest/2010">
  <TestSettings name="Local" id="5e61e532-7c99-48bd-b1f3-4239a760295e">
    <Description>These are default test settings for a local test run.</Description>
    <Deployment enabled="false" runDeploymentRoot="ORION_ORION-NOTE 2011-01-09 20_46_43">
      <DeploymentItem filename="D:\ORION\Área de Trabalho\ORION_TESTE_FLUENT\TESTE_FluentNHibernate_com_linq\packages\log4net.1.2.10\lib\2.0\log4net.dll" />
      <DeploymentItem filename="D:\ORION\Área de Trabalho\ORION_TESTE_FLUENT\TESTE_FluentNHibernate_com_linq\packages\Castle.DynamicProxy.2.1.0\lib\Castle.DynamicProxy2.dll" />
      <DeploymentItem filename="D:\ORION\Área de Trabalho\ORION_TESTE_FLUENT\TESTE_FluentNHibernate_com_linq\packages\Antlr.3.1.1\lib\antlr.runtime.dll" />
      <DeploymentItem filename="D:\ORION\Área de Trabalho\ORION_TESTE_FLUENT\TESTE_FluentNHibernate_com_linq\packages\Antlr.3.1.1\lib\Antlr3.Runtime.dll" />
      <DeploymentItem filename="D:\ORION\Área de Trabalho\ORION_TESTE_FLUENT\TESTE_FluentNHibernate_com_linq\packages\Iesi.Collections.1.0.1\lib\Iesi.Collections.dll" />
      <DeploymentItem filename="D:\ORION\Área de Trabalho\ORION_TESTE_FLUENT\TESTE_FluentNHibernate_com_linq\packages\Antlr.3.1.1\lib\Antlr3.Utility.dll" />
      <DeploymentItem filename="D:\ORION\Área de Trabalho\ORION_TESTE_FLUENT\TESTE_FluentNHibernate_com_linq\packages\NHibernate.Linq.1.0\lib\NHibernate.Linq.dll" />
      <DeploymentItem filename="D:\ORION\Área de Trabalho\ORION_TESTE_FLUENT\TESTE_FluentNHibernate_com_linq\packages\Antlr.3.1.1\lib\StringTemplate.dll" />
      <DeploymentItem filename="D:\ORION\Área de Trabalho\ORION_TESTE_FLUENT\TESTE_FluentNHibernate_com_linq\packages\NHibernate.2.1.2.4000\lib\NHibernate.dll" />
      <DeploymentItem filename="D:\ORION\Área de Trabalho\ORION_TESTE_FLUENT\TESTE_FluentNHibernate_com_linq\packages\FluentNHibernate.1.1.0.694\lib\FluentNHibernate.dll" />
      <DeploymentItem filename="D:\ORION\Área de Trabalho\ORION_TESTE_FLUENT\TESTE_FluentNHibernate_com_linq\packages\NHibernate.2.1.2.4000\lib\NHibernate.ByteCode.Castle.dll" />
      <DeploymentItem filename="D:\ORION\Área de Trabalho\ORION_TESTE_FLUENT\TESTE_FluentNHibernate_com_linq\packages\Castle.Core.1.1.0\lib\Castle.Core.dll" />
    </Deployment>
    <Execution>
      <TestTypeSpecific />
      <AgentRule name="Execution Agents">
      </AgentRule>
    </Execution>
  </TestSettings>
  <Times creation="2011-01-09T20:46:43.6630000-03:00" queuing="2011-01-09T20:46:43.6790000-03:00" start="2011-01-09T20:46:43.7330000-03:00" finish="2011-01-09T20:46:47.1940000-03:00" />
  <ResultSummary outcome="Failed">
    <Counters total="1" executed="1" error="0" failed="1" timeout="0" aborted="0" inconclusive="0" passedButRunAborted="0" notRunnable="0" notExecuted="0" disconnected="0" warning="0" passed="0" completed="0" inProgress="0" pending="0" />
  </ResultSummary>
  <TestDefinitions>
    <UnitTest name="ConsultarRegistrosComNH" storage="d:\orion\área de trabalho\orion_teste_fluent\teste_fluentnhibernate_com_linq\teste_fluentnhibernate_com_linq\bin\debug\teste_fluentnhibernate_com_linq.dll" id="cf0e209b-9caf-3e4c-0a1b-98c19d6e5b3e">
      <Execution id="56b0ac05-f209-490b-a284-443c4403601c" />
      <TestMethod codeBase="D:/ORION/Área de Trabalho/ORION_TESTE_FLUENT/TESTE_FluentNHibernate_com_linq/TESTE_FluentNHibernate_com_linq/bin/Debug/TESTE_FluentNHibernate_com_linq.DLL" adapterTypeName="Microsoft.VisualStudio.TestTools.TestTypes.Unit.UnitTestAdapter, Microsoft.VisualStudio.QualityTools.Tips.UnitTest.Adapter, Version=10.0.0.0, Culture=neutral, PublicKeyToken=b03f5f7f11d50a3a" className="TESTE_FluentNHibernate_com_linq.Teste_Fluent, TESTE_FluentNHibernate_com_linq, Version=1.0.0.0, Culture=neutral, PublicKeyToken=null" name="ConsultarRegistrosComNH" />
    </UnitTest>
  </TestDefinitions>
  <TestLists>
    <TestList name="Results Not in a List" id="8c84fa94-04c1-424b-9868-57a2d4851a1d" />
    <TestList name="All Loaded Results" id="19431567-8539-422a-85d7-44ee4e166bda" />
  </TestLists>
  <TestEntries>
    <TestEntry testId="cf0e209b-9caf-3e4c-0a1b-98c19d6e5b3e" executionId="56b0ac05-f209-490b-a284-443c4403601c" testListId="8c84fa94-04c1-424b-9868-57a2d4851a1d" />
  </TestEntries>
  <Results>
    <UnitTestResult executionId="56b0ac05-f209-490b-a284-443c4403601c" testId="cf0e209b-9caf-3e4c-0a1b-98c19d6e5b3e" testName="ConsultarRegistrosComNH" computerName="ORION-NOTE" duration="00:00:02.9717793" startTime="2011-01-09T20:46:43.7430000-03:00" endTime="2011-01-09T20:46:47.1460000-03:00" testType="13cdc9d9-ddb5-4fa4-a97d-d965ccfc6d4b" outcome="Failed" testListId="8c84fa94-04c1-424b-9868-57a2d4851a1d" relativeResultsDirectory="56b0ac05-f209-490b-a284-443c4403601c">
      <Output>
        <ErrorInfo>
          <Message>Assert.AreEqual failed. Expected:&lt;1&gt;. Actual:&lt;0&gt;. </Message>
          <StackTrace>   at TESTE_FluentNHibernate_com_linq.Teste_Fluent.ConsultarRegistrosComNH() in D:\ORION\Área de Trabalho\ORION_TESTE_FLUENT\TESTE_FluentNHibernate_com_linq\TESTE_FluentNHibernate_com_linq\Teste_Fluent.cs:line 182
</StackTrace>
        </ErrorInfo>
      </Output>
    </UnitTestResult>
  </Results>
</TestRun>